Archive member included to satisfy reference by file (symbol)

c:/st/stm32cubeide_1.11.0/stm32cubeide/plugins/com.st.stm32cube.ide.mcu.externaltools.gnu-tools-for-stm32.10.3-2021.10.win32_1.0.100.202210260954/tools/bin/../lib/gcc/arm-none-eabi/10.3.1/../../../../arm-none-eabi/lib/thumb/v7e-m+fp/hard\libc_nano.a(lib_a-errno.o)
                              ./Core/Src/syscalls.o (__errno)
c:/st/stm32cubeide_1.11.0/stm32cubeide/plugins/com.st.stm32cube.ide.mcu.externaltools.gnu-tools-for-stm32.10.3-2021.10.win32_1.0.100.202210260954/tools/bin/../lib/gcc/arm-none-eabi/10.3.1/../../../../arm-none-eabi/lib/thumb/v7e-m+fp/hard\libc_nano.a(lib_a-exit.o)
                              c:/st/stm32cubeide_1.11.0/stm32cubeide/plugins/com.st.stm32cube.ide.mcu.externaltools.gnu-tools-for-stm32.10.3-2021.10.win32_1.0.100.202210260954/tools/bin/../lib/gcc/arm-none-eabi/10.3.1/../../../../arm-none-eabi/lib/thumb/v7e-m+fp/hard/crt0.o (exit)
c:/st/stm32cubeide_1.11.0/stm32cubeide/plugins/com.st.stm32cube.ide.mcu.externaltools.gnu-tools-for-stm32.10.3-2021.10.win32_1.0.100.202210260954/tools/bin/../lib/gcc/arm-none-eabi/10.3.1/../../../../arm-none-eabi/lib/thumb/v7e-m+fp/hard\libc_nano.a(lib_a-impure.o)
                              c:/st/stm32cubeide_1.11.0/stm32cubeide/plugins/com.st.stm32cube.ide.mcu.externaltools.gnu-tools-for-stm32.10.3-2021.10.win32_1.0.100.202210260954/tools/bin/../lib/gcc/arm-none-eabi/10.3.1/../../../../arm-none-eabi/lib/thumb/v7e-m+fp/hard\libc_nano.a(lib_a-exit.o) (_global_impure_ptr)
c:/st/stm32cubeide_1.11.0/stm32cubeide/plugins/com.st.stm32cube.ide.mcu.externaltools.gnu-tools-for-stm32.10.3-2021.10.win32_1.0.100.202210260954/tools/bin/../lib/gcc/arm-none-eabi/10.3.1/../../../../arm-none-eabi/lib/thumb/v7e-m+fp/hard\libc_nano.a(lib_a-init.o)
                              c:/st/stm32cubeide_1.11.0/stm32cubeide/plugins/com.st.stm32cube.ide.mcu.externaltools.gnu-tools-for-stm32.10.3-2021.10.win32_1.0.100.202210260954/tools/bin/../lib/gcc/arm-none-eabi/10.3.1/../../../../arm-none-eabi/lib/thumb/v7e-m+fp/hard/crt0.o (__libc_init_array)
c:/st/stm32cubeide_1.11.0/stm32cubeide/plugins/com.st.stm32cube.ide.mcu.externaltools.gnu-tools-for-stm32.10.3-2021.10.win32_1.0.100.202210260954/tools/bin/../lib/gcc/arm-none-eabi/10.3.1/../../../../arm-none-eabi/lib/thumb/v7e-m+fp/hard\libc_nano.a(lib_a-memset.o)
                              c:/st/stm32cubeide_1.11.0/stm32cubeide/plugins/com.st.stm32cube.ide.mcu.externaltools.gnu-tools-for-stm32.10.3-2021.10.win32_1.0.100.202210260954/tools/bin/../lib/gcc/arm-none-eabi/10.3.1/../../../../arm-none-eabi/lib/thumb/v7e-m+fp/hard/crt0.o (memset)
c:/st/stm32cubeide_1.11.0/stm32cubeide/plugins/com.st.stm32cube.ide.mcu.externaltools.gnu-tools-for-stm32.10.3-2021.10.win32_1.0.100.202210260954/tools/bin/../lib/gcc/arm-none-eabi/10.3.1/thumb/v7e-m+fp/hard\libgcc.a(_arm_muldf3.o)
                              ./Core/Src/INA219.o (__aeabi_dmul)
c:/st/stm32cubeide_1.11.0/stm32cubeide/plugins/com.st.stm32cube.ide.mcu.externaltools.gnu-tools-for-stm32.10.3-2021.10.win32_1.0.100.202210260954/tools/bin/../lib/gcc/arm-none-eabi/10.3.1/thumb/v7e-m+fp/hard\libgcc.a(_arm_addsubdf3.o)
                              ./Core/Src/INA219.o (__aeabi_i2d)
c:/st/stm32cubeide_1.11.0/stm32cubeide/plugins/com.st.stm32cube.ide.mcu.externaltools.gnu-tools-for-stm32.10.3-2021.10.win32_1.0.100.202210260954/tools/bin/../lib/gcc/arm-none-eabi/10.3.1/thumb/v7e-m+fp/hard\libgcc.a(_arm_fixunsdfsi.o)
                              ./Core/Src/INA219.o (__aeabi_d2uiz)

Discarded input sections

 .text          0x0000000000000000        0x0 c:/st/stm32cubeide_1.11.0/stm32cubeide/plugins/com.st.stm32cube.ide.mcu.externaltools.gnu-tools-for-stm32.10.3-2021.10.win32_1.0.100.202210260954/tools/bin/../lib/gcc/arm-none-eabi/10.3.1/thumb/v7e-m+fp/hard/crti.o
 .data          0x0000000000000000        0x0 c:/st/stm32cubeide_1.11.0/stm32cubeide/plugins/com.st.stm32cube.ide.mcu.externaltools.gnu-tools-for-stm32.10.3-2021.10.win32_1.0.100.202210260954/tools/bin/../lib/gcc/arm-none-eabi/10.3.1/thumb/v7e-m+fp/hard/crti.o
 .bss           0x0000000000000000        0x0 c:/st/stm32cubeide_1.11.0/stm32cubeide/plugins/com.st.stm32cube.ide.mcu.externaltools.gnu-tools-for-stm32.10.3-2021.10.win32_1.0.100.202210260954/tools/bin/../lib/gcc/arm-none-eabi/10.3.1/thumb/v7e-m+fp/hard/crti.o
 .data          0x0000000000000000        0x4 c:/st/stm32cubeide_1.11.0/stm32cubeide/plugins/com.st.stm32cube.ide.mcu.externaltools.gnu-tools-for-stm32.10.3-2021.10.win32_1.0.100.202210260954/tools/bin/../lib/gcc/arm-none-eabi/10.3.1/thumb/v7e-m+fp/hard/crtbegin.o
 .rodata        0x0000000000000000       0x24 c:/st/stm32cubeide_1.11.0/stm32cubeide/plugins/com.st.stm32cube.ide.mcu.externaltools.gnu-tools-for-stm32.10.3-2021.10.win32_1.0.100.202210260954/tools/bin/../lib/gcc/arm-none-eabi/10.3.1/thumb/v7e-m+fp/hard/crtbegin.o
[...]
Memory Configuration

Name             Origin             Length             Attributes
RAM              0x0000000020000000 0x0000000000020000 xrw
FLASH            0x0000000008000000 0x0000000000040000 xr
*default*        0x0000000000000000 0xffffffffffffffff

Linker script and memory map

LOAD c:/st/stm32cubeide_1.11.0/stm32cubeide/plugins/com.st.stm32cube.ide.mcu.externaltools.gnu-tools-for-stm32.10.3-2021.10.win32_1.0.100.202210260954/tools/bin/../lib/gcc/arm-none-eabi/10.3.1/thumb/v7e-m+fp/hard/crti.o
LOAD c:/st/stm32cubeide_1.11.0/stm32cubeide/plugins/com.st.stm32cube.ide.mcu.externaltools.gnu-tools-for-stm32.10.3-2021.10.win32_1.0.100.202210260954/tools/bin/../lib/gcc/arm-none-eabi/10.3.1/thumb/v7e-m+fp/hard/crtbegin.o
LOAD c:/st/stm32cubeide_1.11.0/stm32cubeide/plugins/com.st.stm32cube.ide.mcu.externaltools.gnu-tools-for-stm32.10.3-2021.10.win32_1.0.100.202210260954/tools/bin/../lib/gcc/arm-none-eabi/10.3.1/../../../../arm-none-eabi/lib/thumb/v7e-m+fp/hard/crt0.o
LOAD ./Core/Src/INA219.o
LOAD ./Core/Src/main.o
LOAD ./Core/Src/stm32g4xx_hal_msp.o
LOAD ./Core/Src/stm32g4xx_it.o
LOAD ./Core/Src/syscalls.o
LOAD ./Core/Src/sysmem.o
LOAD ./Core/Src/system_stm32g4xx.o
LOAD ./Core/Startup/startup_stm32g473rctx.o
LOAD ./Drivers/STM32G4xx_HAL_Driver/Src/stm32g4xx_hal.o
LOAD ./Drivers/STM32G4xx_HAL_Driver/Src/stm32g4xx_hal_cortex.o
LOAD ./Drivers/STM32G4xx_HAL_Driver/Src/stm32g4xx_hal_dma.o
LOAD ./Drivers/STM32G4xx_HAL_Driver/Src/stm32g4xx_hal_dma_ex.o
LOAD ./Drivers/STM32G4xx_HAL_Driver/Src/stm32g4xx_hal_exti.o
LOAD ./Drivers/STM32G4xx_HAL_Driver/Src/stm32g4xx_hal_flash.o
LOAD ./Drivers/STM32G4xx_HAL_Driver/Src/stm32g4xx_hal_flash_ex.o
LOAD ./Drivers/STM32G4xx_HAL_Driver/Src/stm32g4xx_hal_flash_ramfunc.o
LOAD ./Drivers/STM32G4xx_HAL_Driver/Src/stm32g4xx_hal_gpio.o
LOAD ./Drivers/STM32G4xx_HAL_Driver/Src/stm32g4xx_hal_i2c.o
LOAD ./Drivers/STM32G4xx_HAL_Driver/Src/stm32g4xx_hal_i2c_ex.o
LOAD ./Drivers/STM32G4xx_HAL_Driver/Src/stm32g4xx_hal_pwr.o
LOAD ./Drivers/STM32G4xx_HAL_Driver/Src/stm32g4xx_hal_pwr_ex.o
LOAD ./Drivers/STM32G4xx_HAL_Driver/Src/stm32g4xx_hal_rcc.o
LOAD ./Drivers/STM32G4xx_HAL_Driver/Src/stm32g4xx_hal_rcc_ex.o
LOAD ./Drivers/STM32G4xx_HAL_Driver/Src/stm32g4xx_hal_tim.o
LOAD ./Drivers/STM32G4xx_HAL_Driver/Src/stm32g4xx_hal_tim_ex.o
START GROUP
LOAD c:/st/stm32cubeide_1.11.0/stm32cubeide/plugins/com.st.stm32cube.ide.mcu.externaltools.gnu-tools-for-stm32.10.3-2021.10.win32_1.0.100.202210260954/tools/bin/../lib/gcc/arm-none-eabi/10.3.1/../../../../arm-none-eabi/lib/thumb/v7e-m+fp/hard\libc_nano.a
LOAD c:/st/stm32cubeide_1.11.0/stm32cubeide/plugins/com.st.stm32cube.ide.mcu.externaltools.gnu-tools-for-stm32.10.3-2021.10.win32_1.0.100.202210260954/tools/bin/../lib/gcc/arm-none-eabi/10.3.1/../../../../arm-none-eabi/lib/thumb/v7e-m+fp/hard\libm.a
END GROUP
START GROUP
LOAD c:/st/stm32cubeide_1.11.0/stm32cubeide/plugins/com.st.stm32cube.ide.mcu.externaltools.gnu-tools-for-stm32.10.3-2021.10.win32_1.0.100.202210260954/tools/bin/../lib/gcc/arm-none-eabi/10.3.1/thumb/v7e-m+fp/hard\libgcc.a
LOAD c:/st/stm32cubeide_1.11.0/stm32cubeide/plugins/com.st.stm32cube.ide.mcu.externaltools.gnu-tools-for-stm32.10.3-2021.10.win32_1.0.100.202210260954/tools/bin/../lib/gcc/arm-none-eabi/10.3.1/../../../../arm-none-eabi/lib/thumb/v7e-m+fp/hard\libc_nano.a
END GROUP
START GROUP
LOAD c:/st/stm32cubeide_1.11.0/stm32cubeide/plugins/com.st.stm32cube.ide.mcu.externaltools.gnu-tools-for-stm32.10.3-2021.10.win32_1.0.100.202210260954/tools/bin/../lib/gcc/arm-none-eabi/10.3.1/thumb/v7e-m+fp/hard\libgcc.a
LOAD c:/st/stm32cubeide_1.11.0/stm32cubeide/plugins/com.st.stm32cube.ide.mcu.externaltools.gnu-tools-for-stm32.10.3-2021.10.win32_1.0.100.202210260954/tools/bin/../lib/gcc/arm-none-eabi/10.3.1/../../../../arm-none-eabi/lib/thumb/v7e-m+fp/hard\libc_nano.a
LOAD c:/st/stm32cubeide_1.11.0/stm32cubeide/plugins/com.st.stm32cube.ide.mcu.externaltools.gnu-tools-for-stm32.10.3-2021.10.win32_1.0.100.202210260954/tools/bin/../lib/gcc/arm-none-eabi/10.3.1/../../../../arm-none-eabi/lib/thumb/v7e-m+fp/hard\libnosys.a
END GROUP
START GROUP
LOAD c:/st/stm32cubeide_1.11.0/stm32cubeide/plugins/com.st.stm32cube.ide.mcu.externaltools.gnu-tools-for-stm32.10.3-2021.10.win32_1.0.100.202210260954/tools/bin/../lib/gcc/arm-none-eabi/10.3.1/thumb/v7e-m+fp/hard\libgcc.a
LOAD c:/st/stm32cubeide_1.11.0/stm32cubeide/plugins/com.st.stm32cube.ide.mcu.externaltools.gnu-tools-for-stm32.10.3-2021.10.win32_1.0.100.202210260954/tools/bin/../lib/gcc/arm-none-eabi/10.3.1/../../../../arm-none-eabi/lib/thumb/v7e-m+fp/hard\libc_nano.a
LOAD c:/st/stm32cubeide_1.11.0/stm32cubeide/plugins/com.st.stm32cube.ide.mcu.externaltools.gnu-tools-for-stm32.10.3-2021.10.win32_1.0.100.202210260954/tools/bin/../lib/gcc/arm-none-eabi/10.3.1/../../../../arm-none-eabi/lib/thumb/v7e-m+fp/hard\libnosys.a
END GROUP
LOAD c:/st/stm32cubeide_1.11.0/stm32cubeide/plugins/com.st.stm32cube.ide.mcu.externaltools.gnu-tools-for-stm32.10.3-2021.10.win32_1.0.100.202210260954/tools/bin/../lib/gcc/arm-none-eabi/10.3.1/thumb/v7e-m+fp/hard/crtend.o
LOAD c:/st/stm32cubeide_1.11.0/stm32cubeide/plugins/com.st.stm32cube.ide.mcu.externaltools.gnu-tools-for-stm32.10.3-2021.10.win32_1.0.100.202210260954/tools/bin/../lib/gcc/arm-none-eabi/10.3.1/thumb/v7e-m+fp/hard/crtn.o
                0x0000000020020000                _estack = (ORIGIN (RAM) + LENGTH (RAM))
                0x0000000000000200                _Min_Heap_Size = 0x200
                0x0000000000000400                _Min_Stack_Size = 0x400

.isr_vector     0x0000000008000000      0x1d8
                0x0000000008000000                . = ALIGN (0x4)
 *(.isr_vector)
 .isr_vector    0x0000000008000000      0x1d8 ./Core/Startup/startup_stm32g473rctx.o
                0x0000000008000000                g_pfnVectors
                0x00000000080001d8                . = ALIGN (0x4)

.text           0x00000000080001d8     0x3088
                0x00000000080001d8                . = ALIGN (0x4)
 *(.text)
 .text          0x00000000080001d8       0x40 c:/st/stm32cubeide_1.11.0/stm32cubeide/plugins/com.st.stm32cube.ide.mcu.externaltools.gnu-tools-for-stm32.10.3-2021.10.win32_1.0.100.202210260954/tools/bin/../lib/gcc/arm-none-eabi/10.3.1/thumb/v7e-m+fp/hard/crtbegin.o
 .text          0x0000000008000218      0x254 c:/st/stm32cubeide_1.11.0/stm32cubeide/plugins/com.st.stm32cube.ide.mcu.externaltools.gnu-tools-for-stm32.10.3-2021.10.win32_1.0.100.202210260954/tools/bin/../lib/gcc/arm-none-eabi/10.3.1/thumb/v7e-m+fp/hard\libgcc.a(_arm_muldf3.o)
                0x0000000008000218                __muldf3
                0x0000000008000218                __aeabi_dmul
 .text          0x000000000800046c      0x378 c:/st/stm32cubeide_1.11.0/stm32cubeide/plugins/com.st.stm32cube.ide.mcu.externaltools.gnu-tools-for-stm32.10.3-2021.10.win32_1.0.100.202210260954/tools/bin/../lib/gcc/arm-none-eabi/10.3.1/thumb/v7e-m+fp/hard\libgcc.a(_arm_addsubdf3.o)
                0x000000000800046c                __aeabi_drsub
                0x0000000008000474                __aeabi_dsub
                0x0000000008000474                __subdf3
                0x0000000008000478                __aeabi_dadd
                0x0000000008000478                __adddf3
                0x00000000080006f0                __floatunsidf
                0x00000000080006f0                __aeabi_ui2d
                0x0000000008000710                __floatsidf
                0x0000000008000710                __aeabi_i2d
                0x0000000008000734                __aeabi_f2d
                0x0000000008000734                __extendsfdf2
                0x0000000008000778                __floatundidf
                0x0000000008000778                __aeabi_ul2d
                0x0000000008000788                __floatdidf
                0x0000000008000788                __aeabi_l2d
 .text          0x00000000080007e4       0x40 c:/st/stm32cubeide_1.11.0/stm32cubeide/plugins/com.st.stm32cube.ide.mcu.externaltools.gnu-tools-for-stm32.10.3-2021.10.win32_1.0.100.202210260954/tools/bin/../lib/gcc/arm-none-eabi/10.3.1/thumb/v7e-m+fp/hard\libgcc.a(_arm_fixunsdfsi.o)
                0x00000000080007e4                __aeabi_d2uiz
                0x00000000080007e4                __fixunsdfsi
 *(.text*)
 .text.Read16   0x0000000008000824       0x44 ./Core/Src/INA219.o
                0x0000000008000824                Read16
 .text.Write16  0x0000000008000868       0x48 ./Core/Src/INA219.o
                0x0000000008000868                Write16
 .text.INA219_ReadBusVoltage
                0x00000000080008b0       0x26 ./Core/Src/INA219.o
                0x00000000080008b0                INA219_ReadBusVoltage
 .text.INA219_ReadCurrent_raw
                0x00000000080008d6       0x20 ./Core/Src/INA219.o
                0x00000000080008d6                INA219_ReadCurrent_raw
 *fill*         0x00000000080008f6        0x2 
 .text.INA219_ReadCurrent
                0x00000000080008f8       0x40 ./Core/Src/INA219.o
                0x00000000080008f8                INA219_ReadCurrent
 .text.INA219_ReadShuntVolage
                0x0000000008000938       0x48 ./Core/Src/INA219.o
                0x0000000008000938                INA219_ReadShuntVolage
 .text.INA219_Reset
                0x0000000008000980       0x22 ./Core/Src/INA219.o
                0x0000000008000980                INA219_Reset
 .text.INA219_setCalibration
                0x00000000080009a2       0x20 ./Core/Src/INA219.o
                0x00000000080009a2                INA219_setCalibration
 .text.INA219_setConfig
                0x00000000080009c2       0x20 ./Core/Src/INA219.o
                0x00000000080009c2                INA219_setConfig
 *fill*         0x00000000080009e2        0x2 
 .text.INA219_setCalibration_32V_2A
                0x00000000080009e4       0x54 ./Core/Src/INA219.o
                0x00000000080009e4                INA219_setCalibration_32V_2A
 .text.INA219_Init
                0x0000000008000a38       0x68 ./Core/Src/INA219.o
                0x0000000008000a38                INA219_Init
 .text.main     0x0000000008000aa0       0x60 ./Core/Src/main.o
                0x0000000008000aa0                main
 .text.SystemClock_Config
                0x0000000008000b00       0x80 ./Core/Src/main.o
                0x0000000008000b00                SystemClock_Config
 .text.MX_I2C3_Init
                0x0000000008000b80       0x80 ./Core/Src/main.o
 .text.MX_GPIO_Init
                0x0000000008000c00       0x48 ./Core/Src/main.o
 .text.Error_Handler
                0x0000000008000c48        0xa ./Core/Src/main.o
                0x0000000008000c48                Error_Handler
 *fill*         0x0000000008000c52        0x2 
 .text.HAL_MspInit
                0x0000000008000c54       0x48 ./Core/Src/stm32g4xx_hal_msp.o
                0x0000000008000c54                HAL_MspInit
 .text.HAL_I2C_MspInit
                0x0000000008000c9c       0xb4 ./Core/Src/stm32g4xx_hal_msp.o
                0x0000000008000c9c                HAL_I2C_MspInit
 .text.NMI_Handler
                0x0000000008000d50        0x6 ./Core/Src/stm32g4xx_it.o
                0x0000000008000d50                NMI_Handler
 .text.HardFault_Handler
                0x0000000008000d56        0x6 ./Core/Src/stm32g4xx_it.o
                0x0000000008000d56                HardFault_Handler
 .text.MemManage_Handler
                0x0000000008000d5c        0x6 ./Core/Src/stm32g4xx_it.o
                0x0000000008000d5c                MemManage_Handler
 .text.BusFault_Handler
                0x0000000008000d62        0x6 ./Core/Src/stm32g4xx_it.o
                0x0000000008000d62                BusFault_Handler
 .text.UsageFault_Handler
                0x0000000008000d68        0x6 ./Core/Src/stm32g4xx_it.o
                0x0000000008000d68                UsageFault_Handler
 .text.SVC_Handler
                0x0000000008000d6e        0xe ./Core/Src/stm32g4xx_it.o
                0x0000000008000d6e                SVC_Handler
 .text.DebugMon_Handler
                0x0000000008000d7c        0xe ./Core/Src/stm32g4xx_it.o
                0x0000000008000d7c                DebugMon_Handler
 .text.PendSV_Handler
                0x0000000008000d8a        0xe ./Core/Src/stm32g4xx_it.o
                0x0000000008000d8a                PendSV_Handler
 .text.SysTick_Handler
                0x0000000008000d98        0xc ./Core/Src/stm32g4xx_it.o
                0x0000000008000d98                SysTick_Handler
 .text.SystemInit
                0x0000000008000da4       0x24 ./Core/Src/system_stm32g4xx.o
                0x0000000008000da4                SystemInit
 .text.Reset_Handler
                0x0000000008000dc8       0x50 ./Core/Startup/startup_stm32g473rctx.o
                0x0000000008000dc8                Reset_Handler
 .text.Default_Handler
                0x0000000008000e18        0x2 ./Core/Startup/startup_stm32g473rctx.o
                0x0000000008000e18                RTC_Alarm_IRQHandler
                0x0000000008000e18                EXTI2_IRQHandler
                0x0000000008000e18                TIM8_TRG_COM_IRQHandler
                0x0000000008000e18                TIM8_CC_IRQHandler
                0x0000000008000e18                SPI4_IRQHandler
                0x0000000008000e18                FDCAN3_IT0_IRQHandler
                0x0000000008000e18                TIM1_CC_IRQHandler
                0x0000000008000e18                USB_HP_IRQHandler
                0x0000000008000e18                CORDIC_IRQHandler
                0x0000000008000e18                DMA2_Channel8_IRQHandler
                0x0000000008000e18                EXTI3_IRQHandler
                0x0000000008000e18                I2C3_ER_IRQHandler
                0x0000000008000e18                EXTI0_IRQHandler
                0x0000000008000e18                I2C2_EV_IRQHandler
                0x0000000008000e18                FPU_IRQHandler
                0x0000000008000e18                FDCAN1_IT1_IRQHandler
                0x0000000008000e18                TIM1_UP_TIM16_IRQHandler
                0x0000000008000e18                ADC1_2_IRQHandler
                0x0000000008000e18                SPI1_IRQHandler
                0x0000000008000e18                TIM6_DAC_IRQHandler
                0x0000000008000e18                TIM8_UP_IRQHandler
                0x0000000008000e18                DMA2_Channel2_IRQHandler
                0x0000000008000e18                DMA1_Channel4_IRQHandler
                0x0000000008000e18                TIM20_TRG_COM_IRQHandler
                0x0000000008000e18                USART3_IRQHandler
                0x0000000008000e18                DMA1_Channel7_IRQHandler
                0x0000000008000e18                UART5_IRQHandler
                0x0000000008000e18                ADC3_IRQHandler
                0x0000000008000e18                TIM4_IRQHandler
                0x0000000008000e18                DMA2_Channel1_IRQHandler
                0x0000000008000e18                QUADSPI_IRQHandler
                0x0000000008000e18                I2C1_EV_IRQHandler
                0x0000000008000e18                DMA1_Channel6_IRQHandler
                0x0000000008000e18                UART4_IRQHandler
                0x0000000008000e18                DMA2_Channel4_IRQHandler
                0x0000000008000e18                TIM3_IRQHandler
                0x0000000008000e18                RCC_IRQHandler
                0x0000000008000e18                TIM20_UP_IRQHandler
                0x0000000008000e18                DMA1_Channel1_IRQHandler
                0x0000000008000e18                Default_Handler
                0x0000000008000e18                DMA2_Channel7_IRQHandler
                0x0000000008000e18                RTC_TAMP_LSECSS_IRQHandler
                0x0000000008000e18                FMAC_IRQHandler
                0x0000000008000e18                EXTI15_10_IRQHandler
                0x0000000008000e18                DMA1_Channel8_IRQHandler
                0x0000000008000e18                TIM7_DAC_IRQHandler
                0x0000000008000e18                FDCAN3_IT1_IRQHandler
                0x0000000008000e18                TIM5_IRQHandler
                0x0000000008000e18                UCPD1_IRQHandler
                0x0000000008000e18                I2C3_EV_IRQHandler
                0x0000000008000e18                EXTI9_5_IRQHandler
                0x0000000008000e18                RTC_WKUP_IRQHandler
                0x0000000008000e18                PVD_PVM_IRQHandler
                0x0000000008000e18                SPI2_IRQHandler
                0x0000000008000e18                ADC5_IRQHandler
                0x0000000008000e18                DMA2_Channel5_IRQHandler
                0x0000000008000e18                CRS_IRQHandler
                0x0000000008000e18                DMA1_Channel5_IRQHandler
                0x0000000008000e18                USB_LP_IRQHandler
                0x0000000008000e18                EXTI4_IRQHandler
                0x0000000008000e18                RNG_IRQHandler
                0x0000000008000e18                TIM1_TRG_COM_TIM17_IRQHandler
                0x0000000008000e18                FDCAN2_IT1_IRQHandler
                0x0000000008000e18                DMA1_Channel3_IRQHandler
                0x0000000008000e18                ADC4_IRQHandler
                0x0000000008000e18                WWDG_IRQHandler
                0x0000000008000e18                I2C4_EV_IRQHandler
                0x0000000008000e18                FDCAN2_IT0_IRQHandler
                0x0000000008000e18                LPUART1_IRQHandler
                0x0000000008000e18                DMA2_Channel6_IRQHandler
                0x0000000008000e18                FDCAN1_IT0_IRQHandler
                0x0000000008000e18                TIM2_IRQHandler
                0x0000000008000e18                COMP7_IRQHandler
                0x0000000008000e18                COMP1_2_3_IRQHandler
                0x0000000008000e18                EXTI1_IRQHandler
                0x0000000008000e18                USART2_IRQHandler
                0x0000000008000e18                COMP4_5_6_IRQHandler
                0x0000000008000e18                TIM20_BRK_IRQHandler
                0x0000000008000e18                I2C2_ER_IRQHandler
                0x0000000008000e18                DMA1_Channel2_IRQHandler
                0x0000000008000e18                TIM8_BRK_IRQHandler
                0x0000000008000e18                FLASH_IRQHandler
                0x0000000008000e18                TIM20_CC_IRQHandler
                0x0000000008000e18                USART1_IRQHandler
                0x0000000008000e18                SPI3_IRQHandler
                0x0000000008000e18                I2C1_ER_IRQHandler
                0x0000000008000e18                FMC_IRQHandler
                0x0000000008000e18                LPTIM1_IRQHandler
                0x0000000008000e18                DMAMUX_OVR_IRQHandler
                0x0000000008000e18                I2C4_ER_IRQHandler
                0x0000000008000e18                USBWakeUp_IRQHandler
                0x0000000008000e18                SAI1_IRQHandler
                0x0000000008000e18                DMA2_Channel3_IRQHandler
                0x0000000008000e18                TIM1_BRK_TIM15_IRQHandler
 .text.HAL_Init
                0x0000000008000e1a       0x30 ./Drivers/STM32G4xx_HAL_Driver/Src/stm32g4xx_hal.o
                0x0000000008000e1a                HAL_Init
 *fill*         0x0000000008000e4a        0x2 
 .text.HAL_InitTick
                0x0000000008000e4c       0x74 ./Drivers/STM32G4xx_HAL_Driver/Src/stm32g4xx_hal.o
                0x0000000008000e4c                HAL_InitTick
 .text.HAL_IncTick
                0x0000000008000ec0       0x24 ./Drivers/STM32G4xx_HAL_Driver/Src/stm32g4xx_hal.o
                0x0000000008000ec0                HAL_IncTick
 .text.HAL_GetTick
                0x0000000008000ee4       0x18 ./Drivers/STM32G4xx_HAL_Driver/Src/stm32g4xx_hal.o
                0x0000000008000ee4                HAL_GetTick
 .text.HAL_Delay
                0x0000000008000efc       0x44 ./Drivers/STM32G4xx_HAL_Driver/Src/stm32g4xx_hal.o
                0x0000000008000efc                HAL_Delay
 .text.__NVIC_SetPriorityGrouping
                0x0000000008000f40       0x48 ./Drivers/STM32G4xx_HAL_Driver/Src/stm32g4xx_hal_cortex.o
 .text.__NVIC_GetPriorityGrouping
                0x0000000008000f88       0x1c ./Drivers/STM32G4xx_HAL_Driver/Src/stm32g4xx_hal_cortex.o
 .text.__NVIC_SetPriority
                0x0000000008000fa4       0x54 ./Drivers/STM32G4xx_HAL_Driver/Src/stm32g4xx_hal_cortex.o
 .text.NVIC_EncodePriority
                0x0000000008000ff8       0x66 ./Drivers/STM32G4xx_HAL_Driver/Src/stm32g4xx_hal_cortex.o
 *fill*         0x000000000800105e        0x2 
 .text.SysTick_Config
                0x0000000008001060       0x44 ./Drivers/STM32G4xx_HAL_Driver/Src/stm32g4xx_hal_cortex.o
 .text.HAL_NVIC_SetPriorityGrouping
                0x00000000080010a4       0x16 ./Drivers/STM32G4xx_HAL_Driver/Src/stm32g4xx_hal_cortex.o
                0x00000000080010a4                HAL_NVIC_SetPriorityGrouping
 .text.HAL_NVIC_SetPriority
                0x00000000080010ba       0x34 ./Drivers/STM32G4xx_HAL_Driver/Src/stm32g4xx_hal_cortex.o
                0x00000000080010ba                HAL_NVIC_SetPriority
 .text.HAL_SYSTICK_Config
                0x00000000080010ee       0x18 ./Drivers/STM32G4xx_HAL_Driver/Src/stm32g4xx_hal_cortex.o
                0x00000000080010ee                HAL_SYSTICK_Config
 *fill*         0x0000000008001106        0x2 
 .text.HAL_GPIO_Init
                0x0000000008001108      0x304 ./Drivers/STM32G4xx_HAL_Driver/Src/stm32g4xx_hal_gpio.o
                0x0000000008001108                HAL_GPIO_Init
 .text.HAL_I2C_Init
                0x000000000800140c      0x11e ./Drivers/STM32G4xx_HAL_Driver/Src/stm32g4xx_hal_i2c.o
                0x000000000800140c                HAL_I2C_Init
 *fill*         0x000000000800152a        0x2 
 .text.HAL_I2C_Mem_Write
                0x000000000800152c      0x228 ./Drivers/STM32G4xx_HAL_Driver/Src/stm32g4xx_hal_i2c.o
                0x000000000800152c                HAL_I2C_Mem_Write
 .text.HAL_I2C_Mem_Read
                0x0000000008001754      0x234 ./Drivers/STM32G4xx_HAL_Driver/Src/stm32g4xx_hal_i2c.o
                0x0000000008001754                HAL_I2C_Mem_Read
 .text.HAL_I2C_IsDeviceReady
                0x0000000008001988      0x20e ./Drivers/STM32G4xx_HAL_Driver/Src/stm32g4xx_hal_i2c.o
                0x0000000008001988                HAL_I2C_IsDeviceReady
 *fill*         0x0000000008001b96        0x2 
 .text.I2C_RequestMemoryWrite
                0x0000000008001b98       0xa8 ./Drivers/STM32G4xx_HAL_Driver/Src/stm32g4xx_hal_i2c.o
 .text.I2C_RequestMemoryRead
                0x0000000008001c40       0xa8 ./Drivers/STM32G4xx_HAL_Driver/Src/stm32g4xx_hal_i2c.o
 .text.I2C_Flush_TXDR
                0x0000000008001ce8       0x48 ./Drivers/STM32G4xx_HAL_Driver/Src/stm32g4xx_hal_i2c.o
 .text.I2C_WaitOnFlagUntilTimeout
                0x0000000008001d30       0x80 ./Drivers/STM32G4xx_HAL_Driver/Src/stm32g4xx_hal_i2c.o
 .text.I2C_WaitOnTXISFlagUntilTimeout
                0x0000000008001db0       0x80 ./Drivers/STM32G4xx_HAL_Driver/Src/stm32g4xx_hal_i2c.o
 .text.I2C_WaitOnSTOPFlagUntilTimeout
                0x0000000008001e30       0x78 ./Drivers/STM32G4xx_HAL_Driver/Src/stm32g4xx_hal_i2c.o
 .text.I2C_IsErrorOccurred
                0x0000000008001ea8      0x1d8 ./Drivers/STM32G4xx_HAL_Driver/Src/stm32g4xx_hal_i2c.o
 .text.I2C_TransferConfig
                0x0000000008002080       0x64 ./Drivers/STM32G4xx_HAL_Driver/Src/stm32g4xx_hal_i2c.o
 .text.HAL_I2CEx_ConfigAnalogFilter
                0x00000000080020e4       0x96 ./Drivers/STM32G4xx_HAL_Driver/Src/stm32g4xx_hal_i2c_ex.o
                0x00000000080020e4                HAL_I2CEx_ConfigAnalogFilter
 .text.HAL_I2CEx_ConfigDigitalFilter
                0x000000000800217a       0x98 ./Drivers/STM32G4xx_HAL_Driver/Src/stm32g4xx_hal_i2c_ex.o
                0x000000000800217a                HAL_I2CEx_ConfigDigitalFilter
 *fill*         0x0000000008002212        0x2 
 .text.HAL_PWREx_ControlVoltageScaling
                0x0000000008002214      0x148 ./Drivers/STM32G4xx_HAL_Driver/Src/stm32g4xx_hal_pwr_ex.o
                0x0000000008002214                HAL_PWREx_ControlVoltageScaling
 .text.HAL_RCC_OscConfig
                0x000000000800235c      0x630 ./Drivers/STM32G4xx_HAL_Driver/Src/stm32g4xx_hal_rcc.o
                0x000000000800235c                HAL_RCC_OscConfig
 .text.HAL_RCC_ClockConfig
                0x000000000800298c      0x278 ./Drivers/STM32G4xx_HAL_Driver/Src/stm32g4xx_hal_rcc.o
                0x000000000800298c                HAL_RCC_ClockConfig
 .text.HAL_RCC_GetSysClockFreq
                0x0000000008002c04       0xc4 ./Drivers/STM32G4xx_HAL_Driver/Src/stm32g4xx_hal_rcc.o
                0x0000000008002c04                HAL_RCC_GetSysClockFreq
 .text.RCC_GetSysClockFreqFromPLLSource
                0x0000000008002cc8       0x8c ./Drivers/STM32G4xx_HAL_Driver/Src/stm32g4xx_hal_rcc.o
 .text.HAL_RCCEx_PeriphCLKConfig
                0x0000000008002d54      0x49c ./Drivers/STM32G4xx_HAL_Driver/Src/stm32g4xx_hal_rcc_ex.o
                0x0000000008002d54                HAL_RCCEx_PeriphCLKConfig
 .text.__libc_init_array
                0x00000000080031f0       0x48 c:/st/stm32cubeide_1.11.0/stm32cubeide/plugins/com.st.stm32cube.ide.mcu.externaltools.gnu-tools-for-stm32.10.3-2021.10.win32_1.0.100.202210260954/tools/bin/../lib/gcc/arm-none-eabi/10.3.1/../../../../arm-none-eabi/lib/thumb/v7e-m+fp/hard\libc_nano.a(lib_a-init.o)
                0x00000000080031f0                __libc_init_array
 .text.memset   0x0000000008003238       0x10 c:/st/stm32cubeide_1.11.0/stm32cubeide/plugins/com.st.stm32cube.ide.mcu.externaltools.gnu-tools-for-stm32.10.3-2021.10.win32_1.0.100.202210260954/tools/bin/../lib/gcc/arm-none-eabi/10.3.1/../../../../arm-none-eabi/lib/thumb/v7e-m+fp/hard\libc_nano.a(lib_a-memset.o)
                0x0000000008003238                memset
 *(.glue_7)
 .glue_7        0x0000000008003248        0x0 linker stubs
 *(.glue_7t)
 .glue_7t       0x0000000008003248        0x0 linker stubs
 *(.eh_frame)
 .eh_frame      0x0000000008003248        0x0 c:/st/stm32cubeide_1.11.0/stm32cubeide/plugins/com.st.stm32cube.ide.mcu.externaltools.gnu-tools-for-stm32.10.3-2021.10.win32_1.0.100.202210260954/tools/bin/../lib/gcc/arm-none-eabi/10.3.1/thumb/v7e-m+fp/hard/crtbegin.o
 *(.init)
 .init          0x0000000008003248        0x4 c:/st/stm32cubeide_1.11.0/stm32cubeide/plugins/com.st.stm32cube.ide.mcu.externaltools.gnu-tools-for-stm32.10.3-2021.10.win32_1.0.100.202210260954/tools/bin/../lib/gcc/arm-none-eabi/10.3.1/thumb/v7e-m+fp/hard/crti.o
                0x0000000008003248                _init
 .init          0x000000000800324c        0x8 c:/st/stm32cubeide_1.11.0/stm32cubeide/plugins/com.st.stm32cube.ide.mcu.externaltools.gnu-tools-for-stm32.10.3-2021.10.win32_1.0.100.202210260954/tools/bin/../lib/gcc/arm-none-eabi/10.3.1/thumb/v7e-m+fp/hard/crtn.o
 *(.fini)
 .fini          0x0000000008003254        0x4 c:/st/stm32cubeide_1.11.0/stm32cubeide/plugins/com.st.stm32cube.ide.mcu.externaltools.gnu-tools-for-stm32.10.3-2021.10.win32_1.0.100.202210260954/tools/bin/../lib/gcc/arm-none-eabi/10.3.1/thumb/v7e-m+fp/hard/crti.o
                0x0000000008003254                _fini
 .fini          0x0000000008003258        0x8 c:/st/stm32cubeide_1.11.0/stm32cubeide/plugins/com.st.stm32cube.ide.mcu.externaltools.gnu-tools-for-stm32.10.3-2021.10.win32_1.0.100.202210260954/tools/bin/../lib/gcc/arm-none-eabi/10.3.1/thumb/v7e-m+fp/hard/crtn.o
                0x0000000008003260                . = ALIGN (0x4)
                0x0000000008003260                _etext = .

.vfp11_veneer   0x0000000008003260        0x0
 .vfp11_veneer  0x0000000008003260        0x0 linker stubs

.v4_bx          0x0000000008003260        0x0
 .v4_bx         0x0000000008003260        0x0 linker stubs

.iplt           0x0000000008003260        0x0
 .iplt          0x0000000008003260        0x0 c:/st/stm32cubeide_1.11.0/stm32cubeide/plugins/com.st.stm32cube.ide.mcu.externaltools.gnu-tools-for-stm32.10.3-2021.10.win32_1.0.100.202210260954/tools/bin/../lib/gcc/arm-none-eabi/10.3.1/thumb/v7e-m+fp/hard/crtbegin.o

.rodata         0x0000000008003260       0x10
                0x0000000008003260                . = ALIGN (0x4)
 *(.rodata)
 *(.rodata*)
 .rodata.AHBPrescTable
                0x0000000008003260       0x10 ./Core/Src/system_stm32g4xx.o
                0x0000000008003260                AHBPrescTable
                0x0000000008003270                . = ALIGN (0x4)

.rel.dyn        0x0000000008003270        0x0
 .rel.iplt      0x0000000008003270        0x0 c:/st/stm32cubeide_1.11.0/stm32cubeide/plugins/com.st.stm32cube.ide.mcu.externaltools.gnu-tools-for-stm32.10.3-2021.10.win32_1.0.100.202210260954/tools/bin/../lib/gcc/arm-none-eabi/10.3.1/thumb/v7e-m+fp/hard/crtbegin.o

.ARM.extab      0x0000000008003270        0x0
                0x0000000008003270                . = ALIGN (0x4)
 *(.ARM.extab* .gnu.linkonce.armextab.*)
                0x0000000008003270                . = ALIGN (0x4)

.ARM            0x0000000008003270        0x0
                0x0000000008003270                . = ALIGN (0x4)
                0x0000000008003270                __exidx_start = .
 *(.ARM.exidx*)
                0x0000000008003270                __exidx_end = .
                0x0000000008003270                . = ALIGN (0x4)

.preinit_array  0x0000000008003270        0x0
                0x0000000008003270                . = ALIGN (0x4)
                0x0000000008003270                PROVIDE (__preinit_array_start = .)
 *(.preinit_array*)
                0x0000000008003270                PROVIDE (__preinit_array_end = .)
                0x0000000008003270                . = ALIGN (0x4)

.init_array     0x0000000008003270        0x4
                0x0000000008003270                . = ALIGN (0x4)
                0x0000000008003270                PROVIDE (__init_array_start = .)
 *(SORT_BY_NAME(.init_array.*))
 *(.init_array*)
 .init_array    0x0000000008003270        0x4 c:/st/stm32cubeide_1.11.0/stm32cubeide/plugins/com.st.stm32cube.ide.mcu.externaltools.gnu-tools-for-stm32.10.3-2021.10.win32_1.0.100.202210260954/tools/bin/../lib/gcc/arm-none-eabi/10.3.1/thumb/v7e-m+fp/hard/crtbegin.o
                0x0000000008003274                PROVIDE (__init_array_end = .)
                0x0000000008003274                . = ALIGN (0x4)

.fini_array     0x0000000008003274        0x4
                0x0000000008003274                . = ALIGN (0x4)
                [!provide]                        PROVIDE (__fini_array_start = .)
 *(SORT_BY_NAME(.fini_array.*))
 *(.fini_array*)
 .fini_array    0x0000000008003274        0x4 c:/st/stm32cubeide_1.11.0/stm32cubeide/plugins/com.st.stm32cube.ide.mcu.externaltools.gnu-tools-for-stm32.10.3-2021.10.win32_1.0.100.202210260954/tools/bin/../lib/gcc/arm-none-eabi/10.3.1/thumb/v7e-m+fp/hard/crtbegin.o
                [!provide]                        PROVIDE (__fini_array_end = .)
                0x0000000008003278                . = ALIGN (0x4)
                0x0000000008003278                _sidata = LOADADDR (.data)

.data           0x0000000020000000        0xc load address 0x0000000008003278
                0x0000000020000000                . = ALIGN (0x4)
                0x0000000020000000                _sdata = .
 *(.data)
 *(.data*)
 .data.SystemCoreClock
                0x0000000020000000        0x4 ./Core/Src/system_stm32g4xx.o
                0x0000000020000000                SystemCoreClock
 .data.uwTickPrio
                0x0000000020000004        0x4 ./Drivers/STM32G4xx_HAL_Driver/Src/stm32g4xx_hal.o
                0x0000000020000004                uwTickPrio
 .data.uwTickFreq
                0x0000000020000008        0x4 ./Drivers/STM32G4xx_HAL_Driver/Src/stm32g4xx_hal.o
                0x0000000020000008                uwTickFreq
 *(.RamFunc)
 *(.RamFunc*)
                0x000000002000000c                . = ALIGN (0x4)
                0x000000002000000c                _edata = .

.igot.plt       0x000000002000000c        0x0 load address 0x0000000008003284
 .igot.plt      0x000000002000000c        0x0 c:/st/stm32cubeide_1.11.0/stm32cubeide/plugins/com.st.stm32cube.ide.mcu.externaltools.gnu-tools-for-stm32.10.3-2021.10.win32_1.0.100.202210260954/tools/bin/../lib/gcc/arm-none-eabi/10.3.1/thumb/v7e-m+fp/hard/crtbegin.o
                0x000000002000000c                . = ALIGN (0x4)

.bss            0x000000002000000c       0x88 load address 0x0000000008003284
                0x000000002000000c                _sbss = .
                0x000000002000000c                __bss_start__ = _sbss
 *(.bss)
 .bss           0x000000002000000c       0x1c c:/st/stm32cubeide_1.11.0/stm32cubeide/plugins/com.st.stm32cube.ide.mcu.externaltools.gnu-tools-for-stm32.10.3-2021.10.win32_1.0.100.202210260954/tools/bin/../lib/gcc/arm-none-eabi/10.3.1/thumb/v7e-m+fp/hard/crtbegin.o
 *(.bss*)
 .bss.ina219_currentDivider_mA
                0x0000000020000028        0x4 ./Core/Src/main.o
                0x0000000020000028                ina219_currentDivider_mA
 .bss.ina219_powerMultiplier_mW
                0x000000002000002c        0x4 ./Core/Src/main.o
                0x000000002000002c                ina219_powerMultiplier_mW
 .bss.ina219_calibrationValue
                0x0000000020000030        0x2 ./Core/Src/main.o
                0x0000000020000030                ina219_calibrationValue
 *fill*         0x0000000020000032        0x2 
 .bss.ina219    0x0000000020000034        0x8 ./Core/Src/main.o
                0x0000000020000034                ina219
 .bss.vbus      0x000000002000003c        0x2 ./Core/Src/main.o
                0x000000002000003c                vbus
 .bss.vshunt    0x000000002000003e        0x2 ./Core/Src/main.o
                0x000000002000003e                vshunt
 .bss.current   0x0000000020000040        0x2 ./Core/Src/main.o
                0x0000000020000040                current
 *fill*         0x0000000020000042        0x2 
 .bss.hi2c3     0x0000000020000044       0x4c ./Core/Src/main.o
                0x0000000020000044                hi2c3
 .bss.uwTick    0x0000000020000090        0x4 ./Drivers/STM32G4xx_HAL_Driver/Src/stm32g4xx_hal.o
                0x0000000020000090                uwTick
 *(COMMON)
                0x0000000020000094                . = ALIGN (0x4)
                0x0000000020000094                _ebss = .
                0x0000000020000094                __bss_end__ = _ebss

._user_heap_stack
                0x0000000020000094      0x604 load address 0x0000000008003284
                0x0000000020000098                . = ALIGN (0x8)
 *fill*         0x0000000020000094        0x4 
                [!provide]                        PROVIDE (end = .)
                0x0000000020000098                PROVIDE (_end = .)
                0x0000000020000298                . = (. + _Min_Heap_Size)
 *fill*         0x0000000020000098      0x200 
                0x0000000020000698                . = (. + _Min_Stack_Size)
 *fill*         0x0000000020000298      0x400 
                0x0000000020000698                . = ALIGN (0x8)

/DISCARD/
 libc.a(*)
 libm.a(*)
 libgcc.a(*)

.ARM.attributes
                0x0000000000000000       0x30
 *(.ARM.attributes)
 .ARM.attributes
                0x0000000000000000       0x1e c:/st/stm32cubeide_1.11.0/stm32cubeide/plugins/com.st.stm32cube.ide.mcu.externaltools.gnu-tools-for-stm32.10.3-2021.10.win32_1.0.100.202210260954/tools/bin/../lib/gcc/arm-none-eabi/10.3.1/thumb/v7e-m+fp/hard/crti.o
 .ARM.attributes
                0x000000000000001e       0x34 c:/st/stm32cubeide_1.11.0/stm32cubeide/plugins/com.st.stm32cube.ide.mcu.externaltools.gnu-tools-for-stm32.10.3-2021.10.win32_1.0.100.202210260954/tools/bin/../lib/gcc/arm-none-eabi/10.3.1/thumb/v7e-m+fp/hard/crtbegin.o
 .ARM.attributes
                0x0000000000000052       0x34 ./Core/Src/INA219.o
 .ARM.attributes
                0x0000000000000086       0x34 ./Core/Src/main.o
 .ARM.attributes
                0x00000000000000ba       0x34 ./Core/Src/stm32g4xx_hal_msp.o
 .ARM.attributes
                0x00000000000000ee       0x34 ./Core/Src/stm32g4xx_it.o
 .ARM.attributes
                0x0000000000000122       0x34 ./Core/Src/system_stm32g4xx.o
 .ARM.attributes
                0x0000000000000156       0x21 ./Core/Startup/startup_stm32g473rctx.o
 .ARM.attributes
                0x0000000000000177       0x34 ./Drivers/STM32G4xx_HAL_Driver/Src/stm32g4xx_hal.o
 .ARM.attributes
                0x00000000000001ab       0x34 ./Drivers/STM32G4xx_HAL_Driver/Src/stm32g4xx_hal_cortex.o
 .ARM.attributes
                0x00000000000001df       0x34 ./Drivers/STM32G4xx_HAL_Driver/Src/stm32g4xx_hal_gpio.o
 .ARM.attributes
                0x0000000000000213       0x34 ./Drivers/STM32G4xx_HAL_Driver/Src/stm32g4xx_hal_i2c.o
 .ARM.attributes
                0x0000000000000247       0x34 ./Drivers/STM32G4xx_HAL_Driver/Src/stm32g4xx_hal_i2c_ex.o
 .ARM.attributes
                0x000000000000027b       0x34 ./Drivers/STM32G4xx_HAL_Driver/Src/stm32g4xx_hal_pwr_ex.o
 .ARM.attributes
                0x00000000000002af       0x34 ./Drivers/STM32G4xx_HAL_Driver/Src/stm32g4xx_hal_rcc.o
 .ARM.attributes
                0x00000000000002e3       0x34 ./Drivers/STM32G4xx_HAL_Driver/Src/stm32g4xx_hal_rcc_ex.o
 .ARM.attributes
                0x0000000000000317       0x34 c:/st/stm32cubeide_1.11.0/stm32cubeide/plugins/com.st.stm32cube.ide.mcu.externaltools.gnu-tools-for-stm32.10.3-2021.10.win32_1.0.100.202210260954/tools/bin/../lib/gcc/arm-none-eabi/10.3.1/../../../../arm-none-eabi/lib/thumb/v7e-m+fp/hard\libc_nano.a(lib_a-init.o)
 .ARM.attributes
                0x000000000000034b       0x34 c:/st/stm32cubeide_1.11.0/stm32cubeide/plugins/com.st.stm32cube.ide.mcu.externaltools.gnu-tools-for-stm32.10.3-2021.10.win32_1.0.100.202210260954/tools/bin/../lib/gcc/arm-none-eabi/10.3.1/../../../../arm-none-eabi/lib/thumb/v7e-m+fp/hard\libc_nano.a(lib_a-memset.o)
 .ARM.attributes
                0x000000000000037f       0x1e c:/st/stm32cubeide_1.11.0/stm32cubeide/plugins/com.st.stm32cube.ide.mcu.externaltools.gnu-tools-for-stm32.10.3-2021.10.win32_1.0.100.202210260954/tools/bin/../lib/gcc/arm-none-eabi/10.3.1/thumb/v7e-m+fp/hard\libgcc.a(_arm_muldf3.o)
 .ARM.attributes
                0x000000000000039d       0x1e c:/st/stm32cubeide_1.11.0/stm32cubeide/plugins/com.st.stm32cube.ide.mcu.externaltools.gnu-tools-for-stm32.10.3-2021.10.win32_1.0.100.202210260954/tools/bin/../lib/gcc/arm-none-eabi/10.3.1/thumb/v7e-m+fp/hard\libgcc.a(_arm_addsubdf3.o)
 .ARM.attributes
                0x00000000000003bb       0x1e c:/st/stm32cubeide_1.11.0/stm32cubeide/plugins/com.st.stm32cube.ide.mcu.externaltools.gnu-tools-for-stm32.10.3-2021.10.win32_1.0.100.202210260954/tools/bin/../lib/gcc/arm-none-eabi/10.3.1/thumb/v7e-m+fp/hard\libgcc.a(_arm_fixunsdfsi.o)
 .ARM.attributes
                0x00000000000003d9       0x1e c:/st/stm32cubeide_1.11.0/stm32cubeide/plugins/com.st.stm32cube.ide.mcu.externaltools.gnu-tools-for-stm32.10.3-2021.10.win32_1.0.100.202210260954/tools/bin/../lib/gcc/arm-none-eabi/10.3.1/thumb/v7e-m+fp/hard/crtn.o
OUTPUT(stm32g473_ina219.elf elf32-littlearm)
LOAD linker stubs
LOAD c:/st/stm32cubeide_1.11.0/stm32cubeide/plugins/com.st.stm32cube.ide.mcu.externaltools.gnu-tools-for-stm32.10.3-2021.10.win32_1.0.100.202210260954/tools/bin/../lib/gcc/arm-none-eabi/10.3.1/../../../../arm-none-eabi/lib/thumb/v7e-m+fp/hard\libc.a
LOAD c:/st/stm32cubeide_1.11.0/stm32cubeide/plugins/com.st.stm32cube.ide.mcu.externaltools.gnu-tools-for-stm32.10.3-2021.10.win32_1.0.100.202210260954/tools/bin/../lib/gcc/arm-none-eabi/10.3.1/../../../../arm-none-eabi/lib/thumb/v7e-m+fp/hard\libm.a
LOAD c:/st/stm32cubeide_1.11.0/stm32cubeide/plugins/com.st.stm32cube.ide.mcu.externaltools.gnu-tools-for-stm32.10.3-2021.10.win32_1.0.100.202210260954/tools/bin/../lib/gcc/arm-none-eabi/10.3.1/thumb/v7e-m+fp/hard\libgcc.a

.debug_info     0x0000000000000000     0xa113
 .debug_info    0x0000000000000000      0xbe0 ./Core/Src/INA219.o
 .debug_info    0x0000000000000be0      0xdad ./Core/Src/main.o
 .debug_info    0x000000000000198d      0xd02 ./Core/Src/stm32g4xx_hal_msp.o
 .debug_info    0x000000000000268f      0x122 ./Core/Src/stm32g4xx_it.o
 .debug_info    0x00000000000027b1      0x59f ./Core/Src/system_stm32g4xx.o
 .debug_info    0x0000000000002d50       0x22 ./Core/Startup/startup_stm32g473rctx.o
 .debug_info    0x0000000000002d72      0xb6d ./Drivers/STM32G4xx_HAL_Driver/Src/stm32g4xx_hal.o
 .debug_info    0x00000000000038df      0xe4e ./Drivers/STM32G4xx_HAL_Driver/Src/stm32g4xx_hal_cortex.o
 .debug_info    0x000000000000472d      0x82f ./Drivers/STM32G4xx_HAL_Driver/Src/stm32g4xx_hal_gpio.o
 .debug_info    0x0000000000004f5c     0x22ea ./Drivers/STM32G4xx_HAL_Driver/Src/stm32g4xx_hal_i2c.o
 .debug_info    0x0000000000007246      0xb61 ./Drivers/STM32G4xx_HAL_Driver/Src/stm32g4xx_hal_i2c_ex.o
 .debug_info    0x0000000000007da7      0x983 ./Drivers/STM32G4xx_HAL_Driver/Src/stm32g4xx_hal_pwr_ex.o
 .debug_info    0x000000000000872a      0xcb7 ./Drivers/STM32G4xx_HAL_Driver/Src/stm32g4xx_hal_rcc.o
 .debug_info    0x00000000000093e1      0xd32 ./Drivers/STM32G4xx_HAL_Driver/Src/stm32g4xx_hal_rcc_ex.o

.debug_abbrev   0x0000000000000000     0x19dc
 .debug_abbrev  0x0000000000000000      0x1d5 ./Core/Src/INA219.o
 .debug_abbrev  0x00000000000001d5      0x251 ./Core/Src/main.o
 .debug_abbrev  0x0000000000000426      0x1c9 ./Core/Src/stm32g4xx_hal_msp.o
 .debug_abbrev  0x00000000000005ef       0x74 ./Core/Src/stm32g4xx_it.o
 .debug_abbrev  0x0000000000000663      0x116 ./Core/Src/system_stm32g4xx.o
 .debug_abbrev  0x0000000000000779       0x12 ./Core/Startup/startup_stm32g473rctx.o
 .debug_abbrev  0x000000000000078b      0x269 ./Drivers/STM32G4xx_HAL_Driver/Src/stm32g4xx_hal.o
 .debug_abbrev  0x00000000000009f4      0x30d ./Drivers/STM32G4xx_HAL_Driver/Src/stm32g4xx_hal_cortex.o
 .debug_abbrev  0x0000000000000d01      0x1bb ./Drivers/STM32G4xx_HAL_Driver/Src/stm32g4xx_hal_gpio.o
 .debug_abbrev  0x0000000000000ebc      0x243 ./Drivers/STM32G4xx_HAL_Driver/Src/stm32g4xx_hal_i2c.o
 .debug_abbrev  0x00000000000010ff      0x1b0 ./Drivers/STM32G4xx_HAL_Driver/Src/stm32g4xx_hal_i2c_ex.o
 .debug_abbrev  0x00000000000012af      0x229 ./Drivers/STM32G4xx_HAL_Driver/Src/stm32g4xx_hal_pwr_ex.o
 .debug_abbrev  0x00000000000014d8      0x2bd ./Drivers/STM32G4xx_HAL_Driver/Src/stm32g4xx_hal_rcc.o
 .debug_abbrev  0x0000000000001795      0x247 ./Drivers/STM32G4xx_HAL_Driver/Src/stm32g4xx_hal_rcc_ex.o

.debug_aranges  0x0000000000000000      0x9b0
 .debug_aranges
                0x0000000000000000       0x90 ./Core/Src/INA219.o
 .debug_aranges
                0x0000000000000090       0x40 ./Core/Src/main.o
 .debug_aranges
                0x00000000000000d0       0x30 ./Core/Src/stm32g4xx_hal_msp.o
 .debug_aranges
                0x0000000000000100       0x60 ./Core/Src/stm32g4xx_it.o
 .debug_aranges
                0x0000000000000160       0x28 ./Core/Src/system_stm32g4xx.o
 .debug_aranges
                0x0000000000000188       0x28 ./Core/Startup/startup_stm32g473rctx.o
 .debug_aranges
                0x00000000000001b0      0x130 ./Drivers/STM32G4xx_HAL_Driver/Src/stm32g4xx_hal.o
 .debug_aranges
                0x00000000000002e0      0x118 ./Drivers/STM32G4xx_HAL_Driver/Src/stm32g4xx_hal_cortex.o
 .debug_aranges
                0x00000000000003f8       0x58 ./Drivers/STM32G4xx_HAL_Driver/Src/stm32g4xx_hal_gpio.o
 .debug_aranges
                0x0000000000000450      0x290 ./Drivers/STM32G4xx_HAL_Driver/Src/stm32g4xx_hal_i2c.o
 .debug_aranges
                0x00000000000006e0       0x48 ./Drivers/STM32G4xx_HAL_Driver/Src/stm32g4xx_hal_i2c_ex.o
 .debug_aranges
                0x0000000000000728      0x140 ./Drivers/STM32G4xx_HAL_Driver/Src/stm32g4xx_hal_pwr_ex.o
 .debug_aranges
                0x0000000000000868       0x98 ./Drivers/STM32G4xx_HAL_Driver/Src/stm32g4xx_hal_rcc.o
 .debug_aranges
                0x0000000000000900       0xb0 ./Drivers/STM32G4xx_HAL_Driver/Src/stm32g4xx_hal_rcc_ex.o

.debug_ranges   0x0000000000000000      0x8d8
 .debug_ranges  0x0000000000000000       0x80 ./Core/Src/INA219.o
 .debug_ranges  0x0000000000000080       0x30 ./Core/Src/main.o
 .debug_ranges  0x00000000000000b0       0x20 ./Core/Src/stm32g4xx_hal_msp.o
 .debug_ranges  0x00000000000000d0       0x50 ./Core/Src/stm32g4xx_it.o
 .debug_ranges  0x0000000000000120       0x18 ./Core/Src/system_stm32g4xx.o
 .debug_ranges  0x0000000000000138       0x20 ./Core/Startup/startup_stm32g473rctx.o
 .debug_ranges  0x0000000000000158      0x120 ./Drivers/STM32G4xx_HAL_Driver/Src/stm32g4xx_hal.o
 .debug_ranges  0x0000000000000278      0x108 ./Drivers/STM32G4xx_HAL_Driver/Src/stm32g4xx_hal_cortex.o
 .debug_ranges  0x0000000000000380       0x48 ./Drivers/STM32G4xx_HAL_Driver/Src/stm32g4xx_hal_gpio.o
 .debug_ranges  0x00000000000003c8      0x280 ./Drivers/STM32G4xx_HAL_Driver/Src/stm32g4xx_hal_i2c.o
 .debug_ranges  0x0000000000000648       0x38 ./Drivers/STM32G4xx_HAL_Driver/Src/stm32g4xx_hal_i2c_ex.o
 .debug_ranges  0x0000000000000680      0x130 ./Drivers/STM32G4xx_HAL_Driver/Src/stm32g4xx_hal_pwr_ex.o
 .debug_ranges  0x00000000000007b0       0x88 ./Drivers/STM32G4xx_HAL_Driver/Src/stm32g4xx_hal_rcc.o
 .debug_ranges  0x0000000000000838       0xa0 ./Drivers/STM32G4xx_HAL_Driver/Src/stm32g4xx_hal_rcc_ex.o

.debug_macro    0x0000000000000000    0x1e2e9
 .debug_macro   0x0000000000000000      0x1d2 ./Core/Src/INA219.o
 .debug_macro   0x00000000000001d2      0xa78 ./Core/Src/INA219.o
 .debug_macro   0x0000000000000c4a      0x155 ./Core/Src/INA219.o
 .debug_macro   0x0000000000000d9f       0x2e ./Core/Src/INA219.o
 .debug_macro   0x0000000000000dcd       0x28 ./Core/Src/INA219.o
 .debug_macro   0x0000000000000df5       0x22 ./Core/Src/INA219.o
 .debug_macro   0x0000000000000e17       0x8e ./Core/Src/INA219.o
 .debug_macro   0x0000000000000ea5       0x51 ./Core/Src/INA219.o
 .debug_macro   0x0000000000000ef6      0x103 ./Core/Src/INA219.o
 .debug_macro   0x0000000000000ff9       0x6a ./Core/Src/INA219.o
 .debug_macro   0x0000000000001063      0x1df ./Core/Src/INA219.o
 .debug_macro   0x0000000000001242       0x1c ./Core/Src/INA219.o
 .debug_macro   0x000000000000125e       0x22 ./Core/Src/INA219.o
 .debug_macro   0x0000000000001280       0xfb ./Core/Src/INA219.o
 .debug_macro   0x000000000000137b     0x1011 ./Core/Src/INA219.o
 .debug_macro   0x000000000000238c      0x11f ./Core/Src/INA219.o
 .debug_macro   0x00000000000024ab    0x130e6 ./Core/Src/INA219.o
 .debug_macro   0x0000000000015591       0x6d ./Core/Src/INA219.o
 .debug_macro   0x00000000000155fe     0x3554 ./Core/Src/INA219.o
 .debug_macro   0x0000000000018b52      0x174 ./Core/Src/INA219.o
 .debug_macro   0x0000000000018cc6       0x5c ./Core/Src/INA219.o
 .debug_macro   0x0000000000018d22     0x16d9 ./Core/Src/INA219.o
 .debug_macro   0x000000000001a3fb      0x600 ./Core/Src/INA219.o
 .debug_macro   0x000000000001a9fb      0x1b6 ./Core/Src/INA219.o
 .debug_macro   0x000000000001abb1      0x336 ./Core/Src/INA219.o
 .debug_macro   0x000000000001aee7      0x50b ./Core/Src/INA219.o
 .debug_macro   0x000000000001b3f2      0x18b ./Core/Src/INA219.o
 .debug_macro   0x000000000001b57d       0x43 ./Core/Src/INA219.o
 .debug_macro   0x000000000001b5c0      0x23d ./Core/Src/INA219.o
 .debug_macro   0x000000000001b7fd      0x211 ./Core/Src/INA219.o
 .debug_macro   0x000000000001ba0e      0x45c ./Core/Src/INA219.o
 .debug_macro   0x000000000001be6a      0x11c ./Core/Src/INA219.o
 .debug_macro   0x000000000001bf86      0x22c ./Core/Src/INA219.o
 .debug_macro   0x000000000001c1b2       0x61 ./Core/Src/INA219.o
 .debug_macro   0x000000000001c213       0xa5 ./Core/Src/INA219.o
 .debug_macro   0x000000000001c2b8      0x122 ./Core/Src/INA219.o
 .debug_macro   0x000000000001c3da      0x3d1 ./Core/Src/INA219.o
 .debug_macro   0x000000000001c7ab      0x34a ./Core/Src/INA219.o
 .debug_macro   0x000000000001caf5      0x118 ./Core/Src/INA219.o
 .debug_macro   0x000000000001cc0d      0x1d2 ./Core/Src/main.o
 .debug_macro   0x000000000001cddf      0x1c9 ./Core/Src/stm32g4xx_hal_msp.o
 .debug_macro   0x000000000001cfa8      0x1d3 ./Core/Src/stm32g4xx_it.o
 .debug_macro   0x000000000001d17b      0x1bf ./Core/Src/system_stm32g4xx.o
 .debug_macro   0x000000000001d33a      0x20d ./Drivers/STM32G4xx_HAL_Driver/Src/stm32g4xx_hal.o
 .debug_macro   0x000000000001d547      0x1bf ./Drivers/STM32G4xx_HAL_Driver/Src/stm32g4xx_hal_cortex.o
 .debug_macro   0x000000000001d706      0x1c6 ./Drivers/STM32G4xx_HAL_Driver/Src/stm32g4xx_hal_gpio.o
 .debug_macro   0x000000000001d8cc      0x28b ./Drivers/STM32G4xx_HAL_Driver/Src/stm32g4xx_hal_i2c.o
 .debug_macro   0x000000000001db57      0x1bf ./Drivers/STM32G4xx_HAL_Driver/Src/stm32g4xx_hal_i2c_ex.o
 .debug_macro   0x000000000001dd16      0x1e9 ./Drivers/STM32G4xx_HAL_Driver/Src/stm32g4xx_hal_pwr_ex.o
 .debug_macro   0x000000000001deff      0x201 ./Drivers/STM32G4xx_HAL_Driver/Src/stm32g4xx_hal_rcc.o
 .debug_macro   0x000000000001e100      0x1e9 ./Drivers/STM32G4xx_HAL_Driver/Src/stm32g4xx_hal_rcc_ex.o

.debug_line     0x0000000000000000     0xb079
 .debug_line    0x0000000000000000      0x882 ./Core/Src/INA219.o
 .debug_line    0x0000000000000882      0x7b2 ./Core/Src/main.o
 .debug_line    0x0000000000001034      0x70d ./Core/Src/stm32g4xx_hal_msp.o
 .debug_line    0x0000000000001741      0x76e ./Core/Src/stm32g4xx_it.o
 .debug_line    0x0000000000001eaf      0x715 ./Core/Src/system_stm32g4xx.o
 .debug_line    0x00000000000025c4       0x89 ./Core/Startup/startup_stm32g473rctx.o
 .debug_line    0x000000000000264d      0xa8c ./Drivers/STM32G4xx_HAL_Driver/Src/stm32g4xx_hal.o
 .debug_line    0x00000000000030d9      0xc3f ./Drivers/STM32G4xx_HAL_Driver/Src/stm32g4xx_hal_cortex.o
 .debug_line    0x0000000000003d18      0xacf ./Drivers/STM32G4xx_HAL_Driver/Src/stm32g4xx_hal_gpio.o
 .debug_line    0x00000000000047e7     0x3333 ./Drivers/STM32G4xx_HAL_Driver/Src/stm32g4xx_hal_i2c.o
 .debug_line    0x0000000000007b1a      0x8c9 ./Drivers/STM32G4xx_HAL_Driver/Src/stm32g4xx_hal_i2c_ex.o
 .debug_line    0x00000000000083e3      0xc43 ./Drivers/STM32G4xx_HAL_Driver/Src/stm32g4xx_hal_pwr_ex.o
 .debug_line    0x0000000000009026      0xea2 ./Drivers/STM32G4xx_HAL_Driver/Src/stm32g4xx_hal_rcc.o
 .debug_line    0x0000000000009ec8     0x11b1 ./Drivers/STM32G4xx_HAL_Driver/Src/stm32g4xx_hal_rcc_ex.o

.debug_str      0x0000000000000000    0xbf9f5
 .debug_str     0x0000000000000000    0xbc5b6 ./Core/Src/INA219.o
                                      0xbc8d3 (size before relaxing)
 .debug_str     0x00000000000bc5b6      0x332 ./Core/Src/main.o
                                      0xbcae3 (size before relaxing)
 .debug_str     0x00000000000bc8e8      0x300 ./Core/Src/stm32g4xx_hal_msp.o
                                      0xbc3a9 (size before relaxing)
 .debug_str     0x00000000000bcbe8       0xc9 ./Core/Src/stm32g4xx_it.o
                                      0xbba6c (size before relaxing)
 .debug_str     0x00000000000bccb1       0xdb ./Core/Src/system_stm32g4xx.o
                                      0xbbbec (size before relaxing)
 .debug_str     0x00000000000bcd8c       0x36 ./Core/Startup/startup_stm32g473rctx.o
                                         0x7e (size before relaxing)
 .debug_str     0x00000000000bcdc2      0xb7a ./Drivers/STM32G4xx_HAL_Driver/Src/stm32g4xx_hal.o
                                      0xbc84e (size before relaxing)
 .debug_str     0x00000000000bd93c      0x344 ./Drivers/STM32G4xx_HAL_Driver/Src/stm32g4xx_hal_cortex.o
                                      0xbc4f9 (size before relaxing)
 .debug_str     0x00000000000bdc80      0x164 ./Drivers/STM32G4xx_HAL_Driver/Src/stm32g4xx_hal_gpio.o
                                      0xbbd77 (size before relaxing)
 .debug_str     0x00000000000bdde4      0xd8c ./Drivers/STM32G4xx_HAL_Driver/Src/stm32g4xx_hal_i2c.o
                                      0xbceba (size before relaxing)
 .debug_str     0x00000000000beb70       0xb8 ./Drivers/STM32G4xx_HAL_Driver/Src/stm32g4xx_hal_i2c_ex.o
                                      0xbc21f (size before relaxing)
 .debug_str     0x00000000000bec28      0x4c6 ./Drivers/STM32G4xx_HAL_Driver/Src/stm32g4xx_hal_pwr_ex.o
                                      0xbc0da (size before relaxing)
 .debug_str     0x00000000000bf0ee      0x4fb ./Drivers/STM32G4xx_HAL_Driver/Src/stm32g4xx_hal_rcc.o
                                      0xbc30b (size before relaxing)
 .debug_str     0x00000000000bf5e9      0x40c ./Drivers/STM32G4xx_HAL_Driver/Src/stm32g4xx_hal_rcc_ex.o
                                      0xbc335 (size before relaxing)

.comment        0x0000000000000000       0x50
 .comment       0x0000000000000000       0x50 ./Core/Src/INA219.o
                                         0x51 (size before relaxing)
 .comment       0x0000000000000050       0x51 ./Core/Src/main.o
 .comment       0x0000000000000050       0x51 ./Core/Src/stm32g4xx_hal_msp.o
 .comment       0x0000000000000050       0x51 ./Core/Src/stm32g4xx_it.o
 .comment       0x0000000000000050       0x51 ./Core/Src/system_stm32g4xx.o
 .comment       0x0000000000000050       0x51 ./Drivers/STM32G4xx_HAL_Driver/Src/stm32g4xx_hal.o
 .comment       0x0000000000000050       0x51 ./Drivers/STM32G4xx_HAL_Driver/Src/stm32g4xx_hal_cortex.o
 .comment       0x0000000000000050       0x51 ./Drivers/STM32G4xx_HAL_Driver/Src/stm32g4xx_hal_gpio.o
 .comment       0x0000000000000050       0x51 ./Drivers/STM32G4xx_HAL_Driver/Src/stm32g4xx_hal_i2c.o
 .comment       0x0000000000000050       0x51 ./Drivers/STM32G4xx_HAL_Driver/Src/stm32g4xx_hal_i2c_ex.o
 .comment       0x0000000000000050       0x51 ./Drivers/STM32G4xx_HAL_Driver/Src/stm32g4xx_hal_pwr_ex.o
 .comment       0x0000000000000050       0x51 ./Drivers/STM32G4xx_HAL_Driver/Src/stm32g4xx_hal_rcc.o
 .comment       0x0000000000000050       0x51 ./Drivers/STM32G4xx_HAL_Driver/Src/stm32g4xx_hal_rcc_ex.o

.debug_frame    0x0000000000000000     0x2754
 .debug_frame   0x0000000000000000      0x22c ./Core/Src/INA219.o
 .debug_frame   0x000000000000022c       0xac ./Core/Src/main.o
 .debug_frame   0x00000000000002d8       0x84 ./Core/Src/stm32g4xx_hal_msp.o
 .debug_frame   0x000000000000035c      0x104 ./Core/Src/stm32g4xx_it.o
 .debug_frame   0x0000000000000460       0x58 ./Core/Src/system_stm32g4xx.o
 .debug_frame   0x00000000000004b8      0x4a0 ./Drivers/STM32G4xx_HAL_Driver/Src/stm32g4xx_hal.o
 .debug_frame   0x0000000000000958      0x498 ./Drivers/STM32G4xx_HAL_Driver/Src/stm32g4xx_hal_cortex.o
 .debug_frame   0x0000000000000df0      0x14c ./Drivers/STM32G4xx_HAL_Driver/Src/stm32g4xx_hal_gpio.o
 .debug_frame   0x0000000000000f3c      0xbe8 ./Drivers/STM32G4xx_HAL_Driver/Src/stm32g4xx_hal_i2c.o
 .debug_frame   0x0000000000001b24      0x100 ./Drivers/STM32G4xx_HAL_Driver/Src/stm32g4xx_hal_i2c_ex.o
 .debug_frame   0x0000000000001c24      0x4fc ./Drivers/STM32G4xx_HAL_Driver/Src/stm32g4xx_hal_pwr_ex.o
 .debug_frame   0x0000000000002120      0x23c ./Drivers/STM32G4xx_HAL_Driver/Src/stm32g4xx_hal_rcc.o
 .debug_frame   0x000000000000235c      0x2ac ./Drivers/STM32G4xx_HAL_Driver/Src/stm32g4xx_hal_rcc_ex.o
 .debug_frame   0x0000000000002608       0x2c c:/st/stm32cubeide_1.11.0/stm32cubeide/plugins/com.st.stm32cube.ide.mcu.externaltools.gnu-tools-for-stm32.10.3-2021.10.win32_1.0.100.202210260954/tools/bin/../lib/gcc/arm-none-eabi/10.3.1/../../../../arm-none-eabi/lib/thumb/v7e-m+fp/hard\libc_nano.a(lib_a-init.o)
 .debug_frame   0x0000000000002634       0x20 c:/st/stm32cubeide_1.11.0/stm32cubeide/plugins/com.st.stm32cube.ide.mcu.externaltools.gnu-tools-for-stm32.10.3-2021.10.win32_1.0.100.202210260954/tools/bin/../lib/gcc/arm-none-eabi/10.3.1/../../../../arm-none-eabi/lib/thumb/v7e-m+fp/hard\libc_nano.a(lib_a-memset.o)
 .debug_frame   0x0000000000002654       0x30 c:/st/stm32cubeide_1.11.0/stm32cubeide/plugins/com.st.stm32cube.ide.mcu.externaltools.gnu-tools-for-stm32.10.3-2021.10.win32_1.0.100.202210260954/tools/bin/../lib/gcc/arm-none-eabi/10.3.1/thumb/v7e-m+fp/hard\libgcc.a(_arm_muldf3.o)
 .debug_frame   0x0000000000002684       0xac c:/st/stm32cubeide_1.11.0/stm32cubeide/plugins/com.st.stm32cube.ide.mcu.externaltools.gnu-tools-for-stm32.10.3-2021.10.win32_1.0.100.202210260954/tools/bin/../lib/gcc/arm-none-eabi/10.3.1/thumb/v7e-m+fp/hard\libgcc.a(_arm_addsubdf3.o)
 .debug_frame   0x0000000000002730       0x24 c:/st/stm32cubeide_1.11.0/stm32cubeide/plugins/com.st.stm32cube.ide.mcu.externaltools.gnu-tools-for-stm32.10.3-2021.10.win32_1.0.100.202210260954/tools/bin/../lib/gcc/arm-none-eabi/10.3.1/thumb/v7e-m+fp/hard\libgcc.a(_arm_fixunsdfsi.o)
