../Core/Src/main.c:107:6:HAL_GPIO_EXTI_Callback	16	static
../Core/Src/main.c:122:6:HAL_TIM_PeriodElapsedCallback	16	static
../Core/Src/main.c:163:5:main	8	static
../Core/Src/main.c:234:6:SystemClock_Config	88	static
../Core/Src/main.c:281:13:MX_I2C3_Init	8	static
../Core/Src/main.c:329:13:MX_RTC_Init	32	static
../Core/Src/main.c:395:13:MX_TIM2_Init	40	static
../Core/Src/main.c:440:13:MX_TIM3_Init	40	static
../Core/Src/main.c:485:13:MX_TIM4_Init	40	static
../Core/Src/main.c:530:13:MX_TIM5_Init	40	static
../Core/Src/main.c:575:13:MX_GPIO_Init	40	static
../Core/Src/main.c:616:6:Error_Handler	4	static,ignoring_inline_asm
